
> otfha@0.1.0 build
> next build

   Γû▓ Next.js 16.0.3 (Turbopack)

   Creating an optimized production build ...
node.exe : 
At line:1 char:1
+ & "C:\Program Files
\nodejs/node.exe" 
"C:\Program 
Files\nodejs/node_mo 
...
+ ~~~~~~~~~~~~~~~~~~~
~~~~~~~~~~~~~~~~~~~~~
~~~~~~~~~~~~~~~~~~~~~
~~~~~~~~
    + CategoryInfo   
           : NotSpe  
  cified: (:String   
 ) [], RemoteExce    
ption
    + FullyQualified 
   ErrorId : Native  
  CommandError
 
> Build error 
occurred
Error: Turbopack 
build failed with 5 
errors:
./src/app/(auth)/logi
n/page.tsx:5:1
Module not found: 
Can't resolve '@/comp
onents/ui/label'
[0m [90m 3 |[39m 
[36mimport[39m { 
[33mButton[39m } 
[36mfrom[39m [32m'
@/components/ui/butto
n'[39m[33m;[39m
 [90m 4 |[39m 
[36mimport[39m { 
[33mInput[39m } 
[36mfrom[39m [32m'
@/components/ui/input
'[39m[33m;[39m
[31m[1m>[22m[39m
[90m 5 |[39m 
[36mimport[39m { 
[33mLabel[39m } 
[36mfrom[39m [32m'
@/components/ui/label
'[39m[33m;[39m
 [90m   |[39m [31m
[1m^[22m[39m[31m
[1m^[22m[39m[31m[
1m^[22m[39m[31m[1
m^[22m[39m[31m[1m
^[22m[39m[31m[1m^
[22m[39m[31m[1m^
[22m[39m[31m[1m^[
22m[39m[31m[1m^[2
2m[39m[31m[1m^[22
m[39m[31m[1m^[22m
[39m[31m[1m^[22m
[39m[31m[1m^[22m[
39m[31m[1m^[22m[3
9m[31m[1m^[22m[39
m[31m[1m^[22m[39m
[31m[1m^[22m[39m
[31m[1m^[22m[39m[
31m[1m^[22m[39m[3
1m[1m^[22m[39m[31
m[1m^[22m[39m[31m
[1m^[22m[39m[31m
[1m^[22m[39m[31m[
1m^[22m[39m[31m[1
m^[22m[39m[31m[1m
^[22m[39m[31m[1m^
[22m[39m[31m[1m^
[22m[39m[31m[1m^[
22m[39m[31m[1m^[2
2m[39m[31m[1m^[22
m[39m[31m[1m^[22m
[39m[31m[1m^[22m
[39m[31m[1m^[22m[
39m[31m[1m^[22m[3
9m[31m[1m^[22m[39
m[31m[1m^[22m[39m
[31m[1m^[22m[39m
[31m[1m^[22m[39m[
31m[1m^[22m[39m[3
1m[1m^[22m[39m[31
m[1m^[22m[39m[31m
[1m^[22m[39m[31m
[1m^[22m[39m[31m[
1m^[22m[39m[31m[1
m^[22m[39m
 [90m 6 |[39m 
[36mimport[39m { 
[33mCheckbox[39m } 
[36mfrom[39m [32m'
@/components/ui/check
box'[39m[33m;[39m
 [90m 7 |[39m 
[36mimport[39m { 
[33mSeparator[39m 
} [36mfrom[39m [32
m'@/components/ui/sep
arator'[39m[33m;[3
9m
 [90m 8 |[39m[0m

Import map: aliased 
to relative './src/co
mponents/ui/label' 
inside of [project]/


https://nextjs.org/do
cs/messages/module-no
t-found


./src/app/(auth)/rese
t-password/page.tsx:5
:1
Module not found: 
Can't resolve '@/comp
onents/ui/label'
[0m [90m 3 |[39m 
[36mimport[39m { 
[33mButton[39m } 
[36mfrom[39m [32m'
@/components/ui/butto
n'[39m[33m;[39m
 [90m 4 |[39m 
[36mimport[39m { 
[33mInput[39m } 
[36mfrom[39m [32m'
@/components/ui/input
'[39m[33m;[39m
[31m[1m>[22m[39m
[90m 5 |[39m 
[36mimport[39m { 
[33mLabel[39m } 
[36mfrom[39m [32m'
@/components/ui/label
'[39m[33m;[39m
 [90m   |[39m [31m
[1m^[22m[39m[31m
[1m^[22m[39m[31m[
1m^[22m[39m[31m[1
m^[22m[39m[31m[1m
^[22m[39m[31m[1m^
[22m[39m[31m[1m^
[22m[39m[31m[1m^[
22m[39m[31m[1m^[2
2m[39m[31m[1m^[22
m[39m[31m[1m^[22m
[39m[31m[1m^[22m
[39m[31m[1m^[22m[
39m[31m[1m^[22m[3
9m[31m[1m^[22m[39
m[31m[1m^[22m[39m
[31m[1m^[22m[39m
[31m[1m^[22m[39m[
31m[1m^[22m[39m[3
1m[1m^[22m[39m[31
m[1m^[22m[39m[31m
[1m^[22m[39m[31m
[1m^[22m[39m[31m[
1m^[22m[39m[31m[1
m^[22m[39m[31m[1m
^[22m[39m[31m[1m^
[22m[39m[31m[1m^
[22m[39m[31m[1m^[
22m[39m[31m[1m^[2
2m[39m[31m[1m^[22
m[39m[31m[1m^[22m
[39m[31m[1m^[22m
[39m[31m[1m^[22m[
39m[31m[1m^[22m[3
9m[31m[1m^[22m[39
m[31m[1m^[22m[39m
[31m[1m^[22m[39m
[31m[1m^[22m[39m[
31m[1m^[22m[39m[3
1m[1m^[22m[39m[31
m[1m^[22m[39m[31m
[1m^[22m[39m[31m
[1m^[22m[39m[31m[
1m^[22m[39m[31m[1
m^[22m[39m
 [90m 6 |[39m 
[36mimport[39m { [
33mCard[39m[33m,[3
9m [33mCardContent[
39m[33m,[39m [33mC
ardDescription[39m[
33m,[39m [33mCardFo
oter[39m[33m,[39m 
[33mCardHeader[39m
[33m,[39m 
[33mCardTitle[39m 
} [36mfrom[39m [32
m'@/components/ui/car
d'[39m[33m;[39m
 [90m 7 |[39m
 [90m 8 |[39m 
[36mexport[39m 
[36mdefault[39m 
[36mfunction[39m [
33mResetPasswordPage
[39m() {[0m

Import map: aliased 
to relative './src/co
mponents/ui/label' 
inside of [project]/


https://nextjs.org/do
cs/messages/module-no
t-found


./src/app/(auth)/sign
up/page.tsx:5:1
Module not found: 
Can't resolve '@/comp
onents/ui/label'
[0m [90m 3 |[39m 
[36mimport[39m { 
[33mButton[39m } 
[36mfrom[39m [32m'
@/components/ui/butto
n'[39m[33m;[39m
 [90m 4 |[39m 
[36mimport[39m { 
[33mInput[39m } 
[36mfrom[39m [32m'
@/components/ui/input
'[39m[33m;[39m
[31m[1m>[22m[39m
[90m 5 |[39m 
[36mimport[39m { 
[33mLabel[39m } 
[36mfrom[39m [32m'
@/components/ui/label
'[39m[33m;[39m
 [90m   |[39m [31m
[1m^[22m[39m[31m
[1m^[22m[39m[31m[
1m^[22m[39m[31m[1
m^[22m[39m[31m[1m
^[22m[39m[31m[1m^
[22m[39m[31m[1m^
[22m[39m[31m[1m^[
22m[39m[31m[1m^[2
2m[39m[31m[1m^[22
m[39m[31m[1m^[22m
[39m[31m[1m^[22m
[39m[31m[1m^[22m[
39m[31m[1m^[22m[3
9m[31m[1m^[22m[39
m[31m[1m^[22m[39m
[31m[1m^[22m[39m
[31m[1m^[22m[39m[
31m[1m^[22m[39m[3
1m[1m^[22m[39m[31
m[1m^[22m[39m[31m
[1m^[22m[39m[31m
[1m^[22m[39m[31m[
1m^[22m[39m[31m[1
m^[22m[39m[31m[1m
^[22m[39m[31m[1m^
[22m[39m[31m[1m^
[22m[39m[31m[1m^[
22m[39m[31m[1m^[2
2m[39m[31m[1m^[22
m[39m[31m[1m^[22m
[39m[31m[1m^[22m
[39m[31m[1m^[22m[
39m[31m[1m^[22m[3
9m[31m[1m^[22m[39
m[31m[1m^[22m[39m
[31m[1m^[22m[39m
[31m[1m^[22m[39m[
31m[1m^[22m[39m[3
1m[1m^[22m[39m[31
m[1m^[22m[39m[31m
[1m^[22m[39m[31m
[1m^[22m[39m[31m[
1m^[22m[39m[31m[1
m^[22m[39m
 [90m 6 |[39m 
[36mimport[39m { 
[33mSeparator[39m 
} [36mfrom[39m [32
m'@/components/ui/sep
arator'[39m[33m;[3
9m
 [90m 7 |[39m 
[36mimport[39m { [
33mRadioGroup[39m[3
3m,[39m [33mRadioGr
oupItem[39m } 
[36mfrom[39m [32m'
@/components/ui/radio
-group'[39m[33m;[3
9m
 [90m 8 |[39m[0m

Import map: aliased 
to relative './src/co
mponents/ui/label' 
inside of [project]/


https://nextjs.org/do
cs/messages/module-no
t-found


./src/app/checkout/pa
ge.tsx:5:1
Module not found: 
Can't resolve '@/comp
onents/ui/label'
[0m [90m 3 |[39m 
[36mimport[39m { 
[33mButton[39m } 
[36mfrom[39m [32m'
@/components/ui/butto
n'[39m[33m;[39m
 [90m 4 |[39m 
[36mimport[39m { 
[33mInput[39m } 
[36mfrom[39m [32m'
@/components/ui/input
'[39m[33m;[39m
[31m[1m>[22m[39m
[90m 5 |[39m 
[36mimport[39m { 
[33mLabel[39m } 
[36mfrom[39m [32m'
@/components/ui/label
'[39m[33m;[39m
 [90m   |[39m [31m
[1m^[22m[39m[31m
[1m^[22m[39m[31m[
1m^[22m[39m[31m[1
m^[22m[39m[31m[1m
^[22m[39m[31m[1m^
[22m[39m[31m[1m^
[22m[39m[31m[1m^[
22m[39m[31m[1m^[2
2m[39m[31m[1m^[22
m[39m[31m[1m^[22m
[39m[31m[1m^[22m
[39m[31m[1m^[22m[
39m[31m[1m^[22m[3
9m[31m[1m^[22m[39
m[31m[1m^[22m[39m
[31m[1m^[22m[39m
[31m[1m^[22m[39m[
31m[1m^[22m[39m[3
1m[1m^[22m[39m[31
m[1m^[22m[39m[31m
[1m^[22m[39m[31m
[1m^[22m[39m[31m[
1m^[22m[39m[31m[1
m^[22m[39m[31m[1m
^[22m[39m[31m[1m^
[22m[39m[31m[1m^
[22m[39m[31m[1m^[
22m[39m[31m[1m^[2
2m[39m[31m[1m^[22
m[39m[31m[1m^[22m
[39m[31m[1m^[22m
[39m[31m[1m^[22m[
39m[31m[1m^[22m[3
9m[31m[1m^[22m[39
m[31m[1m^[22m[39m
[31m[1m^[22m[39m
[31m[1m^[22m[39m[
31m[1m^[22m[39m[3
1m[1m^[22m[39m[31
m[1m^[22m[39m[31m
[1m^[22m[39m[31m
[1m^[22m[39m[31m[
1m^[22m[39m[31m[1
m^[22m[39m
 [90m 6 |[39m 
[36mimport[39m { [
33mRadioGroup[39m[3
3m,[39m [33mRadioGr
oupItem[39m } 
[36mfrom[39m [32m'
@/components/ui/radio
-group'[39m[33m;[3
9m
 [90m 7 |[39m 
[36mimport[39m { 
[33mSeparator[39m 
} [36mfrom[39m [32
m'@/components/ui/sep
arator'[39m[33m;[3
9m
 [90m 8 |[39m 
[36mimport[39m { [
33mCard[39m[33m,[3
9m [33mCardContent[
39m[33m,[39m [33mC
ardHeader[39m[33m,
[39m 
[33mCardTitle[39m 
} [36mfrom[39m [32
m'@/components/ui/car
d'[39m[33m;[39m[0
m

Import map: aliased 
to relative './src/co
mponents/ui/label' 
inside of [project]/


https://nextjs.org/do
cs/messages/module-no
t-found


./src/components/shar
ed/FilterSidebar.tsx:
3:1
Module not found: 
Can't resolve '@/comp
onents/ui/label'
[0m [90m 1 |[39m 
[36mimport[39m { 
[33mSlider[39m } 
[36mfrom[39m [32m'
@/components/ui/slide
r'[39m[33m;[39m
 [90m 2 |[39m 
[36mimport[39m { 
[33mCheckbox[39m } 
[36mfrom[39m [32m'
@/components/ui/check
box'[39m[33m;[39m
[31m[1m>[22m[39m
[90m 3 |[39m 
[36mimport[39m { 
[33mLabel[39m } 
[36mfrom[39m [32m'
@/components/ui/label
'[39m[33m;[39m
 [90m   |[39m [31m
[1m^[22m[39m[31m
[1m^[22m[39m[31m[
1m^[22m[39m[31m[1
m^[22m[39m[31m[1m
^[22m[39m[31m[1m^
[22m[39m[31m[1m^
[22m[39m[31m[1m^[
22m[39m[31m[1m^[2
2m[39m[31m[1m^[22
m[39m[31m[1m^[22m
[39m[31m[1m^[22m
[39m[31m[1m^[22m[
39m[31m[1m^[22m[3
9m[31m[1m^[22m[39
m[31m[1m^[22m[39m
[31m[1m^[22m[39m
[31m[1m^[22m[39m[
31m[1m^[22m[39m[3
1m[1m^[22m[39m[31
m[1m^[22m[39m[31m
[1m^[22m[39m[31m
[1m^[22m[39m[31m[
1m^[22m[39m[31m[1
m^[22m[39m[31m[1m
^[22m[39m[31m[1m^
[22m[39m[31m[1m^
[22m[39m[31m[1m^[
22m[39m[31m[1m^[2
2m[39m[31m[1m^[22
m[39m[31m[1m^[22m
[39m[31m[1m^[22m
[39m[31m[1m^[22m[
39m[31m[1m^[22m[3
9m[31m[1m^[22m[39
m[31m[1m^[22m[39m
[31m[1m^[22m[39m
[31m[1m^[22m[39m[
31m[1m^[22m[39m[3
1m[1m^[22m[39m[31
m[1m^[22m[39m[31m
[1m^[22m[39m[31m
[1m^[22m[39m[31m[
1m^[22m[39m[31m[1
m^[22m[39m
 [90m 4 |[39m 
[36mimport[39m { 
[33mButton[39m } 
[36mfrom[39m [32m'
@/components/ui/butto
n'[39m[33m;[39m
 [90m 5 |[39m 
[36mimport[39m { 
[33mInput[39m } 
[36mfrom[39m [32m'
@/components/ui/input
'[39m[33m;[39m
 [90m 6 |[39m 
[36mimport[39m 
{[0m

Import map: aliased 
to relative './src/co
mponents/ui/label' 
inside of [project]/


Import trace:
  Server Component:
    ./src/components/
shared/FilterSidebar.
tsx
    ./src/app/product
s/page.tsx

https://nextjs.org/do
cs/messages/module-no
t-found


    at <unknown> (./s
rc/app/(auth)/login/p
age.tsx:5:1)
    at <unknown> (htt
ps://nextjs.org/docs/
messages/module-not-f
ound)
    at <unknown> (./s
rc/app/(auth)/reset-p
assword/page.tsx:5:1)
    at <unknown> (htt
ps://nextjs.org/docs/
messages/module-not-f
ound)
    at <unknown> (./s
rc/app/(auth)/signup/
page.tsx:5:1)
    at <unknown> (htt
ps://nextjs.org/docs/
messages/module-not-f
ound)
    at <unknown> (./s
rc/app/checkout/page.
tsx:5:1)
    at <unknown> (htt
ps://nextjs.org/docs/
messages/module-not-f
ound)
    at <unknown> (./s
rc/components/shared/
FilterSidebar.tsx:3:1
)
    at <unknown> (htt
ps://nextjs.org/docs/
messages/module-not-f
ound)
